zx.game.xiaomi.comstat.xiaomi.com
zx.game.xiaomi.com
zhuti.xiaomi.com
zeus.ad.xiaomi.com
zeus.ad.intl.xiaomi.com
xshare.api.xiaomi.com
xlmc.sec.miui.com
xitong.xiaomi.com
xiazai.xiaomi.com
xiaomi.net
xiaomi.com
www.xiaomi.com
wifiapi.micloud.xiaomi.net
weatherapi.market.xiaomi.coma.stat.xiaomi.com
weatherapi.market.xiaomi.com
weather.pandora.xiaomi.com
wap.game.xiaomi.com
wallpaper.pandora.xiaomi.com
wallpaper.cdn.pandora.xiaomi.com
voip.game.xiaomi.com
video.intl.xiaomi.com
userid.xiaomi.com
us.find.api.micloud.xiaomi.net
us.api.micloud.xiaomi.net
us-api-micloud-xiaomi-net-5630734.us-west-2.elb.amazonaws.com
upgrade.mishop.pandora.xiaomi.com
update.miui.com
update.avlyun.sec.miui.com
tv.app.migc.xiaomi.com
trial.api.huangye.miui.com
tracking.miui.com
tracking.intl.miui.com
thm.market.xiaomi.com
thm.market.intl.xiaomi.com
thm.market.intl.miui.com
test.zeus.ad.xiaomi.com
test.xiaomi.com
test.new.api.ad.xiaomi.com
test.log.ad.xiaomi.com
test.e.ad.xiaomi.com
test.ad.xiaomi.com
tel.fe01.hh.xiaomi.com
tc.hd.xiaomi.com
t2.market.xiaomi.com
t1.market.xiaomi.com
t1.g.mi.com
storeconfig.mistat.intl.xiaomi.com
statusapi.micloud.xiaomi.net
static.mibi.xiaomi.com
static.game.xiaomi.com
stat.xiaomi.com
stat.pandora.xiaomi.com
starfish.pandora.xiaomi.com
staging.market.n.xiaomi.com
staging.appapi.n.xiaomi.com
staging.api.zhuti.n.xiaomi.com
staging.ai.api.xiaomi.com
ssp.ad.xiaomi.com
solve.msg.xiaomi.net
shoes.app-xae.xiaomi.com
shenghuo.xiaomi.com
sgpac.account.xiaomi.com
sg-urc.io.mi.com
sfsapi.micloud.xiaomi.net
secode2.hd.xiaomi.com
sec-cdn.static.xiaomi.net
sdkconfig.ad.xiaomi.com
sdkconfig.ad.intl.xiaomi.com
sdkconfig.ad.india.xiaomi.com
sandbox.xmpush.xiaomi.com
sa.api.intl.miui.com
ruac.account.xiaomi.com
resolver.msg.xiaomi.net
resolver.msg.global.xiaomi.net
resolver.gslb.mi-idc.com
register.xmpush.xiaomi.com
register.xmpush.global.xiaomi.com
r.sg.sec.miui.com
r.browser.miui.com
qiye.xiaomi.com
ptmi.gitv.pandora.xiaomi.com
ppurifier.game.xiaomi.com
pn.api.micloud.mi.com
pmall.migc.xiaomi.com
phonecallapi.micloud.xiaomi.net
pdc.micloud.xiaomi.net
order.music.xiaomi.com
onebox.market.n.xiaomi.com
onebox.api.zhuti.n.xiaomi.com
o2o.api.xiaomi.com
notice.game.xiaomi.com
new.api.ad.xiaomi.com
mp.huangye.miui.com
miui.net
miui.com
mitunes.game.xiaomi.com
mishop.pandora.xiaomi.com
mishop.cdn.pandora.xiaomi.com
mis.migc.xiaomi.com
milink.pandora.xiaomi.com
micloud.xiaomi.net
micardapi.micloud.xiaomi.net
mibi.xiaomi.com
mibi.api.xiaomi.com
metok.sys.miui.com
meihua.xiaomi.com
mazu.sec.miui.com
market.xiaomi.com
market.mi-img.com
m.zhuti.xiaomi.com
m.bss.pandora.xiaomi.com
logupdate.avlyun.sec.miui.com
logonext.tv.kuyun.com
login.game.xiaomi.com
log.ad.xiaomi.com
lg-bgp.pandora.xiaomi.com
lbs.pandora.xiaomi.com
jellyfish.pandora.xiaomi.com
iosdl.game.xiaomi.com
in.tv.global.mi.com
in.find.api.micloud.xiaomi.net
imgg.traffic-media.co
ime.api.xiaomi.com
image.pandora.xiaomi.com
igame.xiaomi.com
idmb.app.chat.global.xiaomi.net
i.xiaomi.com
i.mi.com
huosai.xiaomi.com
huodong.xiaomi.com
hk.mibi.xiaomi.com
heyue.xiaomi.com
hd02.lg.xiaomi.com
hd.xiaomi.com
gvod.aiseejapp.atianqi.com
globalapi.ad.xiaomi.com
global.search.xiaomi.net
global.preview.app.market.pt.xiaomi.com
global.market.xiaomi.com
geofence.sys.miui.com
game.xiaomi.com
gallery.pandora.xiaomi.com
gallery.cdn.pandora.xiaomi.com
g.galleryapi.micloud.xiaomi.net
from.pandora.xiaomi.com
fr.app.chat.global.xiaomi.net
fr-app-chat-global-xiaomi-net-1516654448.eu-central-1.elb.amazonaws.com
flash.sec.intl.miui.com
findapi.micloud.xiaomi.net
find.api.micloud.xiaomi.net
file.xmpush.xiaomi.com
file.market.xiaomi.com
feedback.miui.com
fe05.lg.xiaomi.com
fe02.lg.xiaomi.com
fcanr.tracking.miui.com
f1.g.mi.com
e.ad.xiaomi.com
dvb.pandora.xiaomi.com
drm.market.xiaomi.com
dev.staging.api.developer.n.xiaomi.com
dev.market.n.xiaomi.com
dev.api.zhuti.n.xiaomi.com
de.pandora.xiaomi.com
data.sec.miui.com
data.mistat.xiaomi.com
data.mistat.us.xiaomi.com
data.mistat.rus.xiaomi.com
data.mistat.intl.xiaomi.com
data.mistat.india.xiaomi.com
data.game.xiaomi.com
d.xiaomi.com
d.g.mi.com
ctc.fe02.c3.xiaomi.com
ctc.fe01.c3.xiaomi.com
contactapi.micloud.xiaomi.net
connect.rom.miui.com
config.kuyun.com
cnc.fe01.lg.xiaomi.com
cn.app.chat.xiaomi.net
clock.ad.xiaomi.com
cdn.fds-ssl.api.xiaomi.com
cdn.ad.xiaomi.com
ccc.sys.miui.com
ccc.sys.intl.xiaomi.com
cc2.sys.miui.com
cc2.sys.intl.xiaomi.com
cc.sys.miui.com
cc.sys.intl.xiaomi.com
c.id.mi.com
bss.pandora.xiaomi.com
blog.xiaomi.com
bk01.hh.xiaomi.com
bgp.fe01.c3.xiaomi.com
be01.hh.xiaomi.com
bbs.game.xiaomi.com
b.netcheck.gallery.pandora.xiaomi.com
awsusor0-cdn.fds-ssl.api.xiaomi.com
authbe.sec.intl.miui.com
auth.be.sec.miui.com
assistant.pandora.xiaomi.com
appstore.pandora.xiaomi.com
appstore.cdn.pandora.xiaomi.com
app.xiaomi.com
app.migc.xiaomi.com
app.mibi.xiaomi.com
app.market.xiaomi.com
app.chat.xiaomi.net
app.chat.us.xiaomi.net
app.chat.global.xiaomi.net
apidevicexiaominet-1824452031.ap-south-1.elb.amazonaws.com
api.zhuti.xiaomi.com
api.zhuti.intl.xiaomi.com
api.xmpush.xiaomi.com
api.xiaomi.com
api.vip.miui.com
api.setting.intl.miui.com
api.sec.miui.com
api.sec.intl.miui.com
api.miui.security.xiaomi.com
api.micloud.xiaomi.net
api.io.mi.com
api.hybrid.xiaomi.com
api.device.xiaomi.net
api.developer.xiaomi.com
api.d.xiaomi.com
api.cupid.ptqy.gitv.tv
api.comm.miui.com
api.chat.xiaomi.net
api.admob.xiaomi.com
api.ad.xiaomi.com
api.ad.intl.xiaomi.com
api.account.xiaomi.com
api.account.preview.n.xiaomi.net
api.accelerator.intl.miui.com
api-setting-intl-miui-com-59771552.ap-south-1.elb.amazonaws.com
adv.sec.miui.com
adv.sec.intl.miui.com
ad1.xiaomi.com
ad.xiaomi.com
ad.mi.com
account.xiaomi.com
account.preview.n.xiaomi.net
abtest.mistat.xiaomi.com
abtest.mistat.intl.xiaomi.com
a.stat.xiaomi.com
