10-awsind.bigdata.pub.neo.xiaomi.com
11-c3.bigdata.ctc.neo.xiaomi.com
3rd.mishop.pandora.xiaomi.com
3rdupgrade.pandora.xiaomi.com
5-c3.bigdata.ctc.neo.xiaomi.com
9-alisgp.bigdata.pub.neo.xiaomi.com
a.stat.xiaomi.com
a.union.xiaomi.com
abtest.mistat.intl.xiaomi.com
abtest.mistat.xiaomi.com
account.preview.n.xiaomi.net
ad.cdn.pandora.xiaomi.com
ad.mi.com
ad.quickapp.hybrid.xiaomi.com
ad.xiaomi.com
ad1.xiaomi.com
admin.xmpush.xiaomi.com
adv.sec.intl.miui.com
adv.sec.miui.com
api-bks.ad.intl.xiaomi.com
api-setting-intl-miui-com-59771552.ap-south-1.elb.amazonaws.com
api.accelerator.intl.miui.com
api.account.preview.n.xiaomi.net
api.account.xiaomi.com
api.ad.intl.xiaomi.com
api.ad.xiaomi.com
api.admob.xiaomi.com
api.ads.xiaomi.com
api.aurogon.intl.miui.com
api.chat.xiaomi.net
api.comm.miui.com
api.cupid.ptqy.gitv.tv
api.d.xiaomi.com
api.developer.xiaomi.com
api.device.xiaomi.net
api.g.micloud.xiaomi.net
api.hybrid.xiaomi.com
api.micloud.xiaomi.net
api.miui.security.xiaomi.com
api.miwifi.com
api.sec.intl.miui.com
api.sec.miui.com
api.setting.intl.miui.com
api.vip.miui.com
api.xiaomi.com
api.xmpush.global.xiaomi.com
api.xmpush.xiaomi.com
api.zhuti.intl.xiaomi.com
api.zhuti.xiaomi.com
apidevicexiaominet-1824452031.ap-south-1.elb.amazonaws.com
app.chat.global.xiaomi.net
app.chat.us.xiaomi.net
app.chat.xiaomi.net
app.market.xiaomi.com
app.mibi.xiaomi.com
app.migc.xiaomi.com
app.xiaomi.com
appstore.cdn.pandora.xiaomi.com
appstore.pandora.xiaomi.com
assistant.pandora.xiaomi.com
auth.be.sec.miui.com
authbe.sec.intl.miui.com
awsusor0-cdn.fds-ssl.api.xiaomi.com
b.netcheck.gallery.pandora.xiaomi.com
bbs.game.xiaomi.com
be01.hh.xiaomi.com
bgp.fe01.c3.xiaomi.com
bgp.tv.pandora.xiaomi.com
bigdata-lbs-pri-c3.alb.xiaomi.com
bk01.hh.xiaomi.com
blog.xiaomi.com
bossadmin.pandora.xiaomi.com
box.pandora.xiaomi.com
broker.mqtt.pandora.xiaomi.com
brs.api.intl.miui.com
bsp.sasdc.pandora.xiaomi.com
bss.pandora.xiaomi.com
bugreport.pt.xiaomi.com
c.id.mi.com
c3-bgp.pandora.xiaomi.com
c3.api.xmpush.xiaomi.com
c3mini.pandora.xiaomi.com
c4.pandora.xiaomi.com
callback.xmpush.xiaomi.com
cc.ad.intl.xiaomi.com
cc.sys.intl.xiaomi.com
cc.sys.miui.com
cc2.sys.intl.xiaomi.com
cc2.sys.miui.com
ccc.sys.intl.xiaomi.com
ccc.sys.miui.com
cdn.ad.xiaomi.com
cdn.awsde0-fusion.fds.api.mi-img.com
cdn.fds-ssl.api.xiaomi.com
clock.ad.xiaomi.com
cn-register.xmpush.xiaomi.com
cn.app.chat.xiaomi.net
cn.register.xmpush.xiaomi.com
cnc.fe01.lg.xiaomi.com
comc4l7.pandora.xiaomi.com
coml7.pandora.xiaomi.com
config.kuyun.com
connect.intl.rom.miui.com
connect.rom.miui.com
console.admin.xmpush.xiaomi.com
contactapi.micloud.xiaomi.net
ctc.fe01.c3.xiaomi.com
ctc.fe02.c3.xiaomi.com
cupid.ad.xiaomi.com
d.g.mi.com
d.xiaomi.com
data.game.xiaomi.com
data.mistat.india.xiaomi.com
data.mistat.intl.xiaomi.com
data.mistat.rus.xiaomi.com
data.mistat.us.xiaomi.com
data.mistat.xiaomi.com
data.sec.miui.com
databi.ad.xiaomi.com
de.pandora.xiaomi.com
default.data.mistat.xiaomi.com
default.sdkconfig.ad.xiaomi.com
dev.api.zhuti.n.xiaomi.com
dev.market.n.xiaomi.com
dev.staging.api.developer.n.xiaomi.com
diagnosis.ad.xiaomi.com
dlg.io.mi.com
drm.market.xiaomi.com
dvb.pandora.xiaomi.com
dvb.pre.pandora.xiaomi.com
e.ad.xiaomi.com
emi-cube.ad.xiaomi.com
emq.xmpush.xiaomi.com
eu.api.miwifi.com
extranet.ap-south-1.miui-l7-feedback.gualne84bg.elb.xiaomi.com
extranet.ap-south-1.miui-l7-feedback.y5qvxdjy6g.elb.xiaomi.com
extranet.ap-southeast-1.miui-l7-feedback.d6ocem01vo.elb.xiaomi.com
extranet.ap-southeast-1.miui-l7-feedback.qkou0akepj.elb.xiaomi.com
extranet.ap-southeast-1.miui-l7-feedback.s3hawgekth.elb.xiaomi.com
extranet.c3.bigdata-l7-dp-lan.x0x8wmy6im.elb.xiaomi.com
extranet.c3.bigdata-l7-trackservice.nbnpzmfyom.elb.xiaomi.com
extranet.c3.feedback.2ddfrkx42q.elb.xiaomi.com
extranet.c3.miui-l7-feedback.1irknwwveg.elb.xiaomi.com
extranet.c4.miui-l7-feedback.izsagsovue.elb.xiaomi.com
extranet.c4.miui-l7-feedback.q2fo3bs76f.elb.xiaomi.com
extranet.eu-east-1.miui-l7-feedback.c7qiwffdmn.elb.xiaomi.com
extranet.eu-east-1.miui-l7-feedback.fvlyh0lisv.elb.xiaomi.com
f1.g.mi.com
fcanr.tracking.miui.com
fe02.lg.xiaomi.com
fe05.lg.xiaomi.com
feedback.d.xiaomi.com
feedback.miui.com
feedback.pt.intl.xiaomi.com
feedback.pt.rus.xiaomi.com
feedback.pt.xiaomi.com
feedback.xmpush.global.xiaomi.com
feedback.xmpush.xiaomi.com
file.market.xiaomi.com
file.xmpush.xiaomi.com
findapi.micloud.xiaomi.net
flash.sec.intl.miui.com
fr-api.xmpush.global.xiaomi.com
fr-app-chat-global-xiaomi-net-1516654448.eu-central-1.elb.amazonaws.com
fr-app-chat-global-xiaomi-net1-1667981913.eu-central-1.elb.amazonaws.com
fr-app-chat-global-xiaomi-net2-2117517874.eu-central-1.elb.amazonaws.com
fr-register.xmpush.global.xiaomi.com
fr.api.xmpush.global.xiaomi.com
fr.app.chat.global.xiaomi.net
fr.feedback.xmpush.global.xiaomi.com
fr.register.xmpush.global.xiaomi.com
fr-resolver-msg-global-xiaomi-n-916220403.eu-central-1.elb.amazonaws.com
fr.resolver.msg.global.xiaomi.net
from.pandora.xiaomi.com
g.galleryapi.micloud.xiaomi.net
gallery.cdn.pandora.xiaomi.com
gallery.pandora.xiaomi.com
galleryc4l7.pandora.xiaomi.com
game.ad.xiaomi.com
game.xiaomi.com
geofence.sys.miui.com
global.preview.app.market.pt.xiaomi.com
global.search.xiaomi.net
globalapi.ad.xiaomi.com
globalreport.ad.intl.xiaomi.com
gstat.pandora.xiaomi.com
gvod.aiseejapp.atianqi.com
hd.xiaomi.com
hd02.lg.xiaomi.com
heyue.xiaomi.com
hk.mibi.xiaomi.com
hook.gitv.pandora.xiaomi.com
huodong.xiaomi.com
huosai.xiaomi.com
i.api.xmpush.xiaomi.com
i.mi.com
i.xiaomi.com
i2.api.io.mi.com
ident.mistat.xiaomi.com
idmb-api.xmpush.global.xiaomi.com
idmb.api.xmpush.global.xiaomi.com
idmb.app.chat.global.xiaomi.net
idmb.feedback.xmpush.global.xiaomi.com
idmb.register.xmpush.global.xiaomi.com
igame.xiaomi.com
image.pandora.xiaomi.com
ime.api.xiaomi.com
imgg.traffic-media.co
imp.xmpush.xiaomi.com
in.find.api.micloud.xiaomi.net
in.tv.global.mi.com
intranet.c3.bigdata-l7-trackservice.eup4xvxeqr.elb.xiaomi.com
iosdl.game.xiaomi.com
jellyfish.pandora.xiaomi.com
jupiter.intl.sys.miui.com
lab.h4myc4mlzwna31cp.informatik.ad.xiaomi.com
lbs.n.xiaomi.com
lbs.pandora.xiaomi.com
lg-bgp-misc.pandora.xiaomi.com
lg-bgp.pandora.xiaomi.com
lg.api.xmpush.xiaomi.com
live.miphone.pandora.xiaomi.com
log.ad.xiaomi.com
log.pandora.xiaomi.com
log.pt.xiaomi.com
login.game.xiaomi.com
logonext.tv.kuyun.com
logs.n.xiaomi.com
logupdate.avlyun.sec.miui.com
m.bss.pandora.xiaomi.com
m.track.ad.xiaomi.com
m.zhuti.xiaomi.com
maizhenapi.ad.xiaomi.com
mantual.pandora.xiaomi.com
market.mi-img.com
market.xiaomi.com
marketing.ad.xiaomi.com
marketing.ai.xiaomi.com
matrix.api.ad.xiaomi.com
max.ad.xiaomi.com
mazu.sec.miui.com
mbapi.ad.intl.xiaomi.com
mcc.intl.inf.miui.com
media.pre.pandora.xiaomi.com
meihua.xiaomi.com
metok.sys.miui.com
mi4crawler.pandora.xiaomi.com
mibi.api.xiaomi.com
mibi.stat.pt.xiaomi.com
mibi.xiaomi.com
micardapi.micloud.xiaomi.net
micloud.xiaomi.net
micloudevents.preview.n.xiaomi.com
milink.ad.intl.xiaomi.com
milink.pandora.xiaomi.com
mina.xmpush.xiaomi.com
mis.migc.xiaomi.com
misc.pandora.xiaomi.com
mishop.cdn.pandora.xiaomi.com
mishop.pandora.xiaomi.com
mitunes.game.xiaomi.com
miui.com
miui.net
mktg.chain.ad.xiaomi.com
mob.api.xmpush.xiaomi.com
mob.pandora.xiaomi.com
mob.tv.pandora.xiaomi.com
mobile.mishop.pandora.xiaomi.com
mon.be.xiaomi.com
mon.n.xiaomi.com
monitor.pandora.xiaomi.com
monitor.pt.ai.xiaomi.com
monitor.scf.pt.xiaomi.com
mosapi.ad.intl.xiaomi.com
mp.huangye.miui.com
netcheck.pandora.xiaomi.com
new.api.ad.xiaomi.com
notice.game.xiaomi.com
o.bigdata.xiaomi.com
o.data.mistat.xiaomi.com
o2o.api.xiaomi.com
offline.ad.intl.xiaomi.com
omad.ad.intl.xiaomi.com
omserver.ad.intl.xiaomi.com
onebox.api.zhuti.n.xiaomi.com
onebox.market.n.xiaomi.com
onebox.xmpush.xiaomi.com
order.music.xiaomi.com
ot.io.mi.com
ots.io.mi.com
ott.io.mi.com
ottl7-l2.pandora.xiaomi.com
pdc.micloud.xiaomi.net
phonecallapi.micloud.xiaomi.net
physeter-pdad.pt.xiaomi.com
pmall.migc.xiaomi.com
pn.api.micloud.mi.com
ppurifier.game.xiaomi.com
preview.bossadmin.pandora.xiaomi.com
preview.tvboss.pandora.xiaomi.com
profile.pandora.xiaomi.com
ptmi.gitv.pandora.xiaomi.com
pull.mitv.pandora.xiaomi.com
qiye.xiaomi.com
r.browser.miui.com
r.sg.sec.miui.com
redirect.pandora.xiaomi.com
register.xmpush.global.xiaomi.com
register.xmpush.xiaomi.com
report.n.xiaomi.com
report.pt.xiaomi.com
resolver.gslb.mi-idc.com
resolver.msg.global.xiaomi.net
resolver.msg.xiaomi.net
rtmpott.pandora.xiaomi.com
ru-api.xmpush.global.xiaomi.com
ru-feedback.xmpush.global.xiaomi.com
ru-register.xmpush.global.xiaomi.com
ru.api.xmpush.global.xiaomi.com
ru.feedback.xmpush.global.xiaomi.com
ru.register.xmpush.global.xiaomi.com
ruac.account.xiaomi.com
sa-api.api.intl.miui.com
sa.api.intl.miui.com
sandbox.xmpush.xiaomi.com
sdkconfig.ad.eu.xiaomi.com
sdkconfig.ad.india.xiaomi.com
sdkconfig.ad.intl.xiaomi.com
sdkconfig.ad.rus.xiaomi.com
sdkconfig.ad.xiaomi.com
sec-cdn.static.xiaomi.net
secode2.hd.xiaomi.com
secure.report.iss.xiaomi.com
sentry.be.xiaomi.com
sentry.pay.xiaomi.com
sentry.pt.xiaomi.com
sfsapi.micloud.xiaomi.net
sg-urc.io.mi.com
sgp-api.xmpush.global.xiaomi.com
sgpac.account.xiaomi.com
sgpapi.ad.intl.xiaomi.com
shenghuo.xiaomi.com
shoes.app-xae.xiaomi.com
shop.pandora.xiaomi.com
sjs.ptmi.gitv.pandora.xiaomi.com
smart.bigdata.xiaomi.com
smarthome.pandora.xiaomi.com
solve.msg.xiaomi.net
soundbar.pandora.xiaomi.com
ssp.ad.xiaomi.com
stag.bssmini.pandora.xiaomi.com
staging-analyze.pt.xiaomi.com
staging-bks.ad.xiaomi.com
staging-diagnosis.ad.xiaomi.com
staging-global-ssp.ad.xiaomi.com
staging.ai.api.xiaomi.com
staging.api.zhuti.n.xiaomi.com
staging.appapi.n.xiaomi.com
staging.cname.ad.xiaomi.com
staging.market.n.xiaomi.com
staging.max.ad.xiaomi.com
staging.stat.pt.xiaomi.com
starfish.pandora.xiaomi.com
stat.pandora.xiaomi.com
stat.www.xiaomi.com
stat.xiaomi.com
static.game.xiaomi.com
static.mibi.xiaomi.com
stats-fm.music.xiaomi.com
stats.mixin.pt.xiaomi.com
statusapi.micloud.xiaomi.net
storeconfig.mistat.intl.xiaomi.com
storeconfig.mistat.xiaomi.com
t.app.xiaomi.com
t.track.ad.xiaomi.com
t1.g.mi.com
t1.market.xiaomi.com
t2.market.xiaomi.com
tc.hd.xiaomi.com
tel.fe01.hh.xiaomi.com
test-api.xmpush.xiaomi.com
test.ad.intl.xiaomi.com
test.ad.xiaomi.com
test.admin.xmpush.xiaomi.com
test.api.xmpush.xiaomi.com
test.e.ad.xiaomi.com
test.lbs.n.xiaomi.com
test.log.ad.xiaomi.com
test.new.api.ad.xiaomi.com
test.track.ad.xiaomi.com
test.xiaomi.com
test.zeus.ad.xiaomi.com
thm.market.intl.miui.com
thm.market.intl.xiaomi.com
thm.market.xiaomi.com
tj1-new.scf.pt.xiaomi.com
tj1.master.pt.xiaomi.com
tj1.payment.pt.xiaomi.com
tj1.scf.pt.xiaomi.com
tj1.staging-in.globalfi.pt.xiaomi.com
tj1.staging.fintech.pt.xiaomi.com
tj1.staging.fund.pt.xiaomi.com
tj1.staging.ins.pt.xiaomi.com
tj1.staging.mibi.xiaomi.com
tj1.staging.mifi.pt.xiaomi.com
tj1.staging.nfcpay.xiaomi.com
tj1.staging.pay.xiaomi.com
tj1.stagingouter.pay.xiaomi.com
tj1.test.pay.xiaomi.com
track.ad.xiaomi.com
tracker-preview.ai.xiaomi.com
tracker.ai.xiaomi.com
tracking.india.miui.com
tracking.intl.miui.com
tracking.miui.com
trial.api.huangye.miui.com
tv.app.migc.xiaomi.com
tvboss.pandora.xiaomi.com
tvepg.pandora.xiaomi.com
tvmanager.pandora.xiaomi.com
tvstat.pandora.xiaomi.com
update.avlyun.sec.miui.com
upgrade.mishop.pandora.xiaomi.com
upgrade.pandora.xiaomi.com
us-api-micloud-xiaomi-net-5630734.us-west-2.elb.amazonaws.com
us.api.micloud.xiaomi.net
user.pandora.xiaomi.com
userid.xiaomi.com
video.intl.xiaomi.com
vip-api.xmpush.global.xiaomi.com
vip-api.xmpush.xiaomi.com
vip.api.xmpush.global.xiaomi.com
vip.api.xmpush.xiaomi.com
voip.game.xiaomi.com
w.pandora.xiaomi.com
wallpaper.cdn.pandora.xiaomi.com
wallpaper.pandora.xiaomi.com
wap.game.xiaomi.com
weather.pandora.xiaomi.com
weatherapi.market.xiaomi.com
weatherapi.market.xiaomi.coma.stat.xiaomi.com
wifiapi.micloud.xiaomi.net
www.xiaomi.com
xadx.file.market.xiaomi.com
xiaomi.com
xiaomi.net
xiazai.xiaomi.com
xitong.xiaomi.com
xlmc.sec.miui.com
xshare.api.xiaomi.com
xtrace.pt.xiaomi.com
zeus.ad.intl.xiaomi.com
zeus.ad.xiaomi.com
zhaopin.ad.xiaomi.com
zhuti.xiaomi.com
zx.game.xiaomi.com
zx.game.xiaomi.comstat.xiaomi.com
